// Jest Snapshot v1, https://goo.gl/fbAQLP

exports[`Test UnprioritizedTask component Should renders UnprioritizedTask correctly 1`] = `
<View
  style={
    Array [
      Object {
        "backgroundColor": "#fff",
      },
      Object {
        "alignItems": "center",
        "borderColor": "#636262",
        "borderRadius": 5,
        "borderWidth": 1,
        "flexDirection": "row",
        "justifyContent": "center",
        "marginBottom": 5,
        "marginTop": 5,
        "paddingBottom": 5,
        "paddingTop": 5,
        "width": "100%",
      },
    ]
  }
>
  <Text
    style={
      Array [
        Object {
          "color": "#000000",
        },
        Object {
          "fontFamily": "Forum-Regular",
          "fontSize": 20,
        },
      ]
    }
  >
    title
  </Text>
</View>
`;
