// Jest Snapshot v1, https://goo.gl/fbAQLP

exports[`Test Goal component Should renders Goal correctly 1`] = `
<View
  accessible={true}
  focusable={true}
  onClick={[Function]}
  onResponderGrant={[Function]}
  onResponderMove={[Function]}
  onResponderRelease={[Function]}
  onResponderTerminate={[Function]}
  onResponderTerminationRequest={[Function]}
  onStartShouldSetResponder={[Function]}
  style={
    Object {
      "alignItems": "flex-start",
      "backgroundColor": "#84C5E8",
      "borderRadius": 10,
      "flexDirection": "column",
      "justifyContent": "center",
      "marginBottom": 15,
      "marginLeft": "5%",
      "marginRight": "5%",
      "marginTop": 15,
      "minHeight": 200,
      "opacity": 1,
      "paddingBottom": 30,
      "paddingLeft": 40,
      "paddingRight": 60,
      "paddingTop": 30,
      "shadowColor": "#171717",
      "shadowOffset": Object {
        "height": 5,
        "width": 3,
      },
      "shadowOpacity": 0.2,
      "shadowRadius": 3,
      "width": "90%",
    }
  }
>
  <Text
    style={
      Array [
        Object {
          "color": "#fff",
        },
        Object {
          "fontFamily": "Lexend-SemiBold",
          "fontSize": 18,
          "paddingBottom": 20,
          "textAlign": "left",
        },
      ]
    }
  >
    dummy goal -1
  </Text>
  <Text
    style={
      Array [
        Object {
          "color": "#fff",
        },
        Object {
          "fontFamily": "Lexend-Regular",
          "fontSize": 16,
        },
      ]
    }
  >
    this is my motivation
  </Text>
</View>
`;
