// Jest Snapshot v1, https://goo.gl/fbAQLP

exports[`Test AddGoalForm component Should renders AddGoalForm correctly 1`] = `
<View
  accessible={true}
  focusable={true}
  onClick={[Function]}
  onResponderGrant={[Function]}
  onResponderMove={[Function]}
  onResponderRelease={[Function]}
  onResponderTerminate={[Function]}
  onResponderTerminationRequest={[Function]}
  onStartShouldSetResponder={[Function]}
  style={
    Array [
      Object {
        "backgroundColor": "#fff",
      },
      undefined,
    ]
  }
>
  <View
    style={
      Array [
        Object {
          "backgroundColor": "#fff",
        },
        Object {
          "height": "40%",
          "paddingBottom": 70,
          "paddingLeft": 60,
          "paddingTop": 70,
          "width": "90%",
        },
      ]
    }
  >
    <View
      style={
        Array [
          Object {
            "backgroundColor": "#fff",
          },
          Object {
            "alignItems": "center",
            "flexDirection": "row",
            "justifyContent": "flex-start",
            "paddingBottom": 10,
          },
        ]
      }
    >
      <Text
        style={
          Array [
            Object {
              "color": "#655C5C",
            },
            Object {
              "fontFamily": "EB-Garamond",
              "fontSize": 20,
              "paddingRight": 12,
            },
          ]
        }
      >
        Goal
      </Text>
      <Image
        source={1}
        style={
          Object {
            "height": 24,
            "width": 24,
          }
        }
      />
    </View>
    <TextInput
      allowFontScaling={true}
      multiline={true}
      onChangeText={[Function]}
      placeholder="What do you want to achieve?"
      placeholderTextColor="#848484"
      rejectResponderTermination={true}
      style={
        Object {
          "fontFamily": "EB-Garamond",
          "fontSize": 25,
          "fontWeight": "bold",
        }
      }
      underlineColorAndroid="transparent"
      value=""
    />
  </View>
  <View
    style={
      Array [
        Object {
          "backgroundColor": "#fff",
        },
        Object {
          "height": "40%",
          "paddingBottom": 50,
          "paddingLeft": 60,
          "width": "90%",
        },
      ]
    }
  >
    <View
      style={
        Array [
          Object {
            "backgroundColor": "#fff",
          },
          Object {
            "alignItems": "center",
            "flexDirection": "row",
            "justifyContent": "flex-start",
            "paddingBottom": 10,
          },
        ]
      }
    >
      <Text
        style={
          Array [
            Object {
              "color": "#655C5C",
            },
            Object {
              "fontFamily": "EB-Garamond",
              "fontSize": 20,
              "paddingRight": 12,
            },
          ]
        }
      >
        Movivation
      </Text>
      <Image
        source={1}
        style={
          Object {
            "height": 24,
            "width": 24,
          }
        }
      />
    </View>
    <TextInput
      allowFontScaling={true}
      multiline={true}
      onChangeText={[Function]}
      placeholder="Write down why you want to achieve this goal"
      placeholderTextColor="#848484"
      rejectResponderTermination={true}
      style={
        Object {
          "fontFamily": "Forum-Regular",
          "fontSize": 20,
          "paddingBottom": 10,
          "paddingTop": 2,
        }
      }
      underlineColorAndroid="transparent"
      value=""
    />
  </View>
  <View
    style={
      Array [
        Object {
          "backgroundColor": "#fff",
        },
        Object {
          "alignItems": "center",
          "flex": 1,
          "flexDirection": "row",
          "justifyContent": "center",
          "marginLeft": "10%",
          "marginRight": "10%",
          "width": "80%",
        },
      ]
    }
  >
    <View
      accessible={true}
      focusable={true}
      onClick={[Function]}
      onResponderGrant={[Function]}
      onResponderMove={[Function]}
      onResponderRelease={[Function]}
      onResponderTerminate={[Function]}
      onResponderTerminationRequest={[Function]}
      onStartShouldSetResponder={[Function]}
      style={
        Object {
          "alignItems": "center",
          "backgroundColor": "#0FA858",
          "borderRadius": 10,
          "flexDirection": "row",
          "justifyContent": "center",
          "opacity": 1,
          "paddingBottom": 20,
          "paddingTop": 20,
          "shadowColor": "#171717",
          "shadowOffset": Object {
            "height": 5,
            "width": 3,
          },
          "shadowOpacity": 0.2,
          "shadowRadius": 3,
          "width": "100%",
        }
      }
    >
      <Text
        style={
          Array [
            Object {
              "color": "#fff",
            },
            Object {
              "fontFamily": "Forum-Regular",
              "fontSize": 20,
            },
          ]
        }
      >
        Add goal
      </Text>
    </View>
  </View>
</View>
`;
