// Jest Snapshot v1, https://goo.gl/fbAQLP

exports[`Test AddGoalHeader component Should renders AddGoalHeader correctly 1`] = `
Array [
  <View
    style={
      Array [
        Object {
          "backgroundColor": "#fff",
        },
        Object {
          "paddingLeft": 25,
          "paddingTop": 0,
        },
      ]
    }
  >
    <View
      accessible={true}
      focusable={true}
      onClick={[Function]}
      onResponderGrant={[Function]}
      onResponderMove={[Function]}
      onResponderRelease={[Function]}
      onResponderTerminate={[Function]}
      onResponderTerminationRequest={[Function]}
      onStartShouldSetResponder={[Function]}
      style={
        Object {
          "alignItems": "center",
          "backgroundColor": "#fff",
          "flexDirection": "row",
          "justifyContent": "center",
          "opacity": 1,
        }
      }
    >
      <Image
        source={1}
        style={
          Object {
            "height": 20,
            "width": 20,
          }
        }
      />
    </View>
  </View>,
  <View
    style={
      Array [
        Object {
          "backgroundColor": "#fff",
        },
        Object {
          "alignItems": "center",
          "flexDirection": "row",
          "justifyContent": "flex-start",
          "paddingLeft": 30,
          "paddingTop": 75,
        },
      ]
    }
  >
    <Text
      style={
        Array [
          Object {
            "color": "#554F4F",
          },
          Object {
            "fontFamily": "EB-Garamond",
            "fontSize": 25,
            "fontWeight": "bold",
            "paddingRight": 12,
          },
        ]
      }
    >
      New Goal
    </Text>
    <Image
      source={1}
      style={
        Object {
          "height": 32,
          "width": 32,
        }
      }
    />
  </View>,
]
`;
