// Jest Snapshot v1, https://goo.gl/fbAQLP

exports[`Test CloseIcon component Should renders CloseIcon correctly 1`] = `
<View
  accessible={true}
  focusable={true}
  onClick={[Function]}
  onResponderGrant={[Function]}
  onResponderMove={[Function]}
  onResponderRelease={[Function]}
  onResponderTerminate={[Function]}
  onResponderTerminationRequest={[Function]}
  onStartShouldSetResponder={[Function]}
  style={
    Object {
      "alignItems": "center",
      "backgroundColor": "#fff",
      "flexDirection": "row",
      "justifyContent": "center",
      "opacity": 1,
    }
  }
>
  <Image
    source={1}
    style={
      Object {
        "height": 20,
        "width": 20,
      }
    }
  />
</View>
`;
